============================= test session starts =============================
platform linux -- Python 3.11.8, pytest-8.2.1
collected 9 items

tests/test_api.py .                                                       [ 11%]
tests/test_billing.py .                                                   [ 22%]
tests/test_edge_cases.py ...                                              [ 55%]
tests/test_user_service.py ...                                            [ 88%]
tests/test_utils.py ..                                                    [100%]

---------- coverage: platform linux, python 3.11.8-final-0 -----------
Name                          Stmts   Miss  Cover
-------------------------------------------------
app/api.py                       13      3    77%
app/analytics.py                 41     24    41%
app/billing.py                   17      4    76%
app/legacy_helpers.py            38     26    31%
app/notification_service.py      18      6    67%
app/report_service.py            36     13    64%
app/search_tools.py              13      6    54%
app/user_service.py              39     10    74%
app/utils.py                     25      5    80%
app/workflows.py                 49     33    33%
-------------------------------------------------
TOTAL                           289    130    55%

ERROR: Coverage failure: total of 55 is less than fail-under=80

FAILED CI CHECKS

- coverage below threshold
- new modules missing tests (analytics, workflows)
- edge case tests appear incomplete
- several helper modules have no direct coverage
